
> edumeetup-mvp@0.1.0 build
> prisma generate --schema=./prisma/schema.prisma && next build --no-lint

Environment variables loaded from .env
Prisma schema loaded from prisma\schema.prisma

Γ£ö Generated Prisma Client (v5.22.0) to .\node_modules\@prisma\client in 340ms

Start by importing your Prisma Client (See: https://pris.ly/d/importing-client)

Tip: Curious about the SQL queries Prisma ORM generates? Optimize helps you enhance your visibility: https://pris.ly/tip-2-optimize

node.exe :  ΓÜá Linting is disabled.
At line:1 char:1
+ & "C:\Program Files\nodejs/node.exe" "C:\Program Files\nodejs/node_mo ...
+ ~~~~~~~~~~~~~~~~~~~~~~~~~~~~~~~~~~~~~~~~~~~~~~~~~~~~~~~~~~~~~~~~~~~~~
    + CategoryInfo          : NotSpecified: ( ΓÜá Linting is disabled.:String) [], RemoteException
    + FullyQualifiedErrorId : NativeCommandError
 
[@sentry/nextjs] DEPRECATION WARNING: disableLogger is deprecated and will be removed in a future version. Use 
webpack.treeshake.removeDebugLogging instead.
  Γû▓ Next.js 14.2.35
  - Environments: .env.local, .env
  - Experiments (use with caution):
    ┬╖ instrumentationHook

   Creating an optimized production build ...
[@sentry/nextjs] It appears you've configured a `sentry.server.config.ts` file. Please ensure to put this file's content 
into the `register()` function of a Next.js instrumentation file instead. To ensure correct functionality of the SDK, 
`Sentry.init` must be called inside of an instrumentation file. Learn more about setting up an instrumentation file in 
Next.js: https://nextjs.org/docs/app/building-your-application/optimizing/instrumentation. You can safely delete the 
`sentry.server.config.ts` file afterward.
> [PWA] Compile server
[@sentry/nextjs] It seems like you don't have a global error handler set up. It is recommended that you add a 'global-error.js' file with Sentry instrumentation so that React rendering errors are reported to Sentry. Read more: https://docs.sentry.io/platforms/javascript/guides/nextjs/manual-setup/#react-render-errors-in-app-router (you can suppress this warning by setting SENTRY_SUPPRESS_GLOBAL_ERROR_HANDLER_FILE_WARNING=1 as environment variable)
[@sentry/nextjs] It appears you've configured a `sentry.edge.config.ts` file. Please ensure to put this file's content 
into the `register()` function of a Next.js instrumentation file instead. To ensure correct functionality of the SDK, 
`Sentry.init` must be called inside of an instrumentation file. Learn more about setting up an instrumentation file in 
Next.js: https://nextjs.org/docs/app/building-your-application/optimizing/instrumentation. You can safely delete the 
`sentry.edge.config.ts` file afterward.
> [PWA] Compile server
> [PWA] Compile client (static)
> [PWA] Auto register service worker with: C:\Users\JAYDEEP\.gemini\antigravity\scratch\edumeetup-mvp\node_modules\next-pwa\register.js
> [PWA] Service worker: C:\Users\JAYDEEP\.gemini\antigravity\scratch\edumeetup-mvp\public\sw.js
> [PWA]   url: /sw.js
> [PWA]   scope: /
[@sentry/nextjs] DEPRECATION WARNING: It is recommended renaming your `sentry.client.config.ts` file, or moving its 
content to `instrumentation-client.ts`. When using Turbopack `sentry.client.config.ts` will no longer work. Read more 
about the `instrumentation-client.ts` file: 
https://nextjs.org/docs/app/api-reference/file-conventions/instrumentation-client
<w> [webpack.cache.PackFileCacheStrategy] Serializing big strings (139kiB) impacts deserialization performance (consider 
using Buffer instead and decode when needed)
<w> [webpack.cache.PackFileCacheStrategy] Serializing big strings (188kiB) impacts deserialization performance (consider 
using Buffer instead and decode when needed)
 Γ£ô Compiled successfully
   Checking validity of types ...
   Collecting page data ...
[university-domains] Loaded 5113 university domains.
[university-domains] Loaded 5113 university domains.
[university-domains] Disposable list fetch failed (using hardcoded fallback): Error: Disposable domain list fetch 
failed: 404
    at p (C:\Users\JAYDEEP\.gemini\antigravity\scratch\edumeetup-mvp\.next\server\app\api\refresh-university-domains\rout
e.js:1:6555)
    at process.processTicksAndRejections (node:internal/process/task_queues:103:5)
    at async Promise.allSettled (index 1)
    at async m (C:\Users\JAYDEEP\.gemini\antigravity\scratch\edumeetup-mvp\.next\server\app\api\refresh-university-domain
s\route.js:1:6818)
[university-domains] Disposable list fetch failed (using hardcoded fallback): Error: Disposable domain list fetch 
failed: 404
    at m (C:\Users\JAYDEEP\.gemini\antigravity\scratch\edumeetup-mvp\.next\server\app\api\validate-university-email\route
.js:5:3732)
    at process.processTicksAndRejections (node:internal/process/task_queues:103:5)
    at async Promise.allSettled (index 1)
    at async p (C:\Users\JAYDEEP\.gemini\antigravity\scratch\edumeetup-mvp\.next\server\app\api\validate-university-email
\route.js:5:3995)
   Generating static pages (0/66) ...
   Generating static pages (16/66) 
   Generating static pages (32/66) 
   Generating static pages (49/66) 
 Γ£ô Generating static pages (66/66)
   Finalizing page optimization ...
   Collecting build traces ...

Route (app)                              Size     First Load JS
Γöî ╞Æ /                                    20.4 kB         232 kB
Γö£ ╞Æ /_not-found                          368 B           157 kB
Γö£ ╞Æ /about                               367 B           157 kB
Γö£ ╞Æ /admin/advisory                      407 B           159 kB
Γö£ ╞Æ /admin/advisory/[id]                 4.49 kB         210 kB
Γö£ ╞Æ /admin/dashboard                     368 B           157 kB
Γö£ ╞Æ /admin/engagement                    10.7 kB         214 kB
Γö£ ╞Æ /admin/host-requests                 408 B           159 kB
Γö£ ╞Æ /admin/host-requests/[id]            10.2 kB         187 kB
Γö£ ╞Æ /admin/overview                      367 B           157 kB
Γö£ ╞Æ /admin/universities                  407 B           159 kB
Γö£ ╞Æ /admin/users                         368 B           157 kB
Γö£ ╞Æ /api/admin/suspicious-students       0 B                0 B
Γö£ ╞Æ /api/auth/[...nextauth]              0 B                0 B
Γö£ ╞Æ /api/chat                            0 B                0 B
Γö£ ╞Æ /api/cron/complete-meetings          0 B                0 B
Γö£ ╞Æ /api/cron/process-deletions          0 B                0 B
Γö£ ╞Æ /api/cron/reminders                  0 B                0 B
Γö£ ╞Æ /api/cv/[studentId]                  0 B                0 B
Γö£ ╞Æ /api/cv/upload                       0 B                0 B
Γö£ Γùï /api/dev-login                       0 B                0 B
Γö£ ╞Æ /api/my-data                         0 B                0 B
Γö£ ╞Æ /api/my-data/consent                 0 B                0 B
Γö£ ╞Æ /api/my-data/delete                  0 B                0 B
Γö£ ╞Æ /api/refresh-university-domains      0 B                0 B
Γö£ ╞Æ /api/seed                            0 B                0 B
Γö£ ╞Æ /api/setup-admin                     0 B                0 B
Γö£ ╞Æ /api/uni-docs/[docId]                0 B                0 B
Γö£ ╞Æ /api/uni-docs/upload                 0 B                0 B
Γö£ ╞Æ /api/upload/logo                     0 B                0 B
Γö£ ╞Æ /api/validate-university-email       0 B                0 B
Γö£ ╞Æ /auth-error                          4.54 kB         170 kB
Γö£ ╞Æ /auth/confirm                        1.43 kB         158 kB
Γö£ ╞Æ /auth/error                          3.95 kB         170 kB
Γö£ ╞Æ /auth/verify-request                 407 B           159 kB
Γö£ ╞Æ /contact                             3.47 kB         178 kB
Γö£ ╞Æ /contact/success                     408 B           159 kB
Γö£ ╞Æ /debug                               367 B           157 kB
Γö£ ╞Æ /events                              407 B           159 kB
Γö£ ╞Æ /events/[id]                         2.81 kB         168 kB
Γö£ Γùï /health                              0 B                0 B
Γö£ ╞Æ /host-a-fair                         5.17 kB         171 kB
Γö£ ╞Æ /host-a-fair/request                 15.8 kB         307 kB
Γö£ ╞Æ /login                               3.63 kB         178 kB
Γö£ ╞Æ /onboarding                          408 B           159 kB
Γö£ ╞Æ /privacy                             369 B           157 kB
Γö£ ╞Æ /student/book/[universityId]         12.9 kB         194 kB
Γö£ ╞Æ /student/dashboard                   16.5 kB         194 kB
Γö£ ╞Æ /student/meetings                    4.97 kB         185 kB
Γö£ ╞Æ /student/profile                     7.06 kB         244 kB
Γö£ ╞Æ /student/profile/history             407 B           159 kB
Γö£ ╞Æ /student/register                    5.83 kB         182 kB
Γö£ ╞Æ /student/register/success            407 B           159 kB
Γö£ ╞Æ /support                             408 B           159 kB
Γö£ ╞Æ /support/success                     407 B           159 kB
Γö£ ╞Æ /support/tickets                     407 B           159 kB
Γö£ ╞Æ /support/tickets/[id]                408 B           159 kB
Γö£ ╞Æ /terms                               408 B           159 kB
Γö£ ╞Æ /universities                        2.89 kB         214 kB
Γö£ ╞Æ /universities/[id]                   1.74 kB         173 kB
Γö£ ╞Æ /universities/[id]/book              6.28 kB         172 kB
Γö£ ╞Æ /university-login                    7.76 kB         176 kB
Γö£ ╞Æ /university/analytics                367 B           157 kB
Γö£ ╞Æ /university/availability             4.26 kB         207 kB
Γö£ ╞Æ /university/dashboard                130 kB          379 kB
Γö£ ╞Æ /university/dashboard/availability   5.36 kB         213 kB
Γö£ ╞Æ /university/dashboard/calendar       4.33 kB         221 kB
Γö£ ╞Æ /university/events                   407 B           159 kB
Γö£ ╞Æ /university/events/new               4.57 kB         168 kB
Γö£ ╞Æ /university/fairs                    6.71 kB         202 kB
Γö£ ╞Æ /university/meetings                 6.46 kB         191 kB
Γö£ ╞Æ /university/register                 8.82 kB         183 kB
Γö£ ╞Æ /university/reps                     3.38 kB         191 kB
Γö£ ╞Æ /university/settings                 3.85 kB         209 kB
Γöö ╞Æ /verify-request                      408 B           159 kB
+ First Load JS shared by all            156 kB
  Γö£ chunks/725-1e2b433f46de535f.js       99.5 kB
  Γö£ chunks/fd9d1056-1aa74644900b381d.js  53.8 kB
  Γöö other shared chunks (total)          3.05 kB


╞Æ Middleware                             85.5 kB

Γùï  (Static)   prerendered as static content
╞Æ  (Dynamic)  server-rendered on demand

