node.exe : [@sentry/nextjs] DEPRECATION WARNING: disableLogger is deprecated 
and will be removed in a future version. Use 
webpack.treeshake.removeDebugLogging instead.
At line:1 char:1
+ & "C:\Program Files\nodejs/node.exe" "C:\Program Files\nodejs/node_mo ...
+ ~~~~~~~~~~~~~~~~~~~~~~~~~~~~~~~~~~~~~~~~~~~~~~~~~~~~~~~~~~~~~~~~~~~~~
    + CategoryInfo          : NotSpecified: ([@sentry/nextjs...ogging instead 
   .:String) [], RemoteException
    + FullyQualifiedErrorId : NativeCommandError
 
  Γû▓ Next.js 14.2.35
  - Environments: .env.local, .env
  - Experiments (use with caution):
    ┬╖ instrumentationHook

   Creating an optimized production build ...
[@sentry/nextjs] It appears you've configured a `sentry.server.config.ts` 
file. Please ensure to put this file's content into the `register()` function 
of a Next.js instrumentation file instead. To ensure correct functionality of 
the SDK, `Sentry.init` must be called inside of an instrumentation file. 
Learn more about setting up an instrumentation file in Next.js: https://nextjs
.org/docs/app/building-your-application/optimizing/instrumentation. You can 
safely delete the `sentry.server.config.ts` file afterward.
[@sentry/nextjs] It seems like you don't have a global error handler set up. It is recommended that you add a 'global-error.js' file with Sentry instrumentation so that React rendering errors are reported to Sentry. Read more: https://docs.sentry.io/platforms/javascript/guides/nextjs/manual-setup/#react-render-errors-in-app-router (you can suppress this warning by setting SENTRY_SUPPRESS_GLOBAL_ERROR_HANDLER_FILE_WARNING=1 as environment variable)
[@sentry/nextjs] It appears you've configured a `sentry.edge.config.ts` file. 
Please ensure to put this file's content into the `register()` function of a 
Next.js instrumentation file instead. To ensure correct functionality of the 
SDK, `Sentry.init` must be called inside of an instrumentation file. Learn 
more about setting up an instrumentation file in Next.js: https://nextjs.org/d
ocs/app/building-your-application/optimizing/instrumentation. You can safely 
delete the `sentry.edge.config.ts` file afterward.
[@sentry/nextjs] DEPRECATION WARNING: It is recommended renaming your 
`sentry.client.config.ts` file, or moving its content to 
`instrumentation-client.ts`. When using Turbopack `sentry.client.config.ts` 
will no longer work. Read more about the `instrumentation-client.ts` file: htt
ps://nextjs.org/docs/app/api-reference/file-conventions/instrumentation-client
 Γ£ô Compiled successfully
   Linting and checking validity of types ...

Failed to compile.

./app/(admin)/admin/advisory/[id]/page.tsx
9:10  Error: 'updateAdvisoryStatus' is defined but never used.  
@typescript-eslint/no-unused-vars
11:72  Error: 'FileText' is defined but never used.  
@typescript-eslint/no-unused-vars
101:47  Error: `'` can be escaped with `&apos;`, `&lsquo;`, `&#39;`, 
`&rsquo;`.  react/no-unescaped-entities

./app/actions/bulk-program-actions.ts
3:10  Error: 'prisma' is defined but never used.  
@typescript-eslint/no-unused-vars
4:10  Error: 'revalidatePath' is defined but never used.  
@typescript-eslint/no-unused-vars
5:10  Error: 'requireUser' is defined but never used.  
@typescript-eslint/no-unused-vars
10:10  Error: 'mapFieldCategory' is defined but never used.  
@typescript-eslint/no-unused-vars

./app/actions/interest-actions.ts
5:10  Error: 'revalidatePath' is defined but never used.  
@typescript-eslint/no-unused-vars

./app/actions.ts
9:25  Error: 'getSession' is defined but never used.  
@typescript-eslint/no-unused-vars
213:11  Error: 'ip' is assigned a value but never used.  
@typescript-eslint/no-unused-vars

./app/health/route.ts
13:14  Error: 'error' is defined but never used.  
@typescript-eslint/no-unused-vars

./app/university/dashboard/page.tsx
12:10  Error: 'ProgramImportButton' is defined but never used.  
@typescript-eslint/no-unused-vars

./app/university/register/page.tsx
525:177  Error: `'` can be escaped with `&apos;`, `&lsquo;`, `&#39;`, 
`&rsquo;`.  react/no-unescaped-entities

./components/ai/chat-widget.tsx
51:50  Error: `'` can be escaped with `&apos;`, `&lsquo;`, `&#39;`, 
`&rsquo;`.  react/no-unescaped-entities
56:43  Error: Unexpected any. Specify a different type.  
@typescript-eslint/no-explicit-any

./components/student/dashboard-ui.tsx
14:67  Error: 'Interest' is defined but never used.  
@typescript-eslint/no-unused-vars
14:94  Error: 'AdvisoryStatus' is defined but never used.  
@typescript-eslint/no-unused-vars
22:14  Error: Unexpected any. Specify a different type.  
@typescript-eslint/no-explicit-any

./components/student/profile-form.tsx
40:18  Error: 'error' is defined but never used.  
@typescript-eslint/no-unused-vars
108:83  Error: `'` can be escaped with `&apos;`, `&lsquo;`, `&#39;`, 
`&rsquo;`.  react/no-unescaped-entities
109:83  Error: `'` can be escaped with `&apos;`, `&lsquo;`, `&#39;`, 
`&rsquo;`.  react/no-unescaped-entities
110:79  Error: `'` can be escaped with `&apos;`, `&lsquo;`, `&#39;`, 
`&rsquo;`.  react/no-unescaped-entities

./components/ui/textarea.tsx
5:18  Error: An interface declaring no members is equivalent to its 
supertype.  @typescript-eslint/no-empty-object-type

./components/university/interest-panel.tsx
10:33  Error: 'Search' is defined but never used.  
@typescript-eslint/no-unused-vars

./components/university/program-import-modal.tsx
7:23  Error: 'FileSpreadsheet' is defined but never used.  
@typescript-eslint/no-unused-vars
40:80  Error: Unexpected any. Specify a different type.  
@typescript-eslint/no-explicit-any
78:18  Error: 'e' is defined but never used.  
@typescript-eslint/no-unused-vars

info  - Need to disable some ESLint rules? Learn more here: 
https://nextjs.org/docs/basic-features/eslint#disabling-rules
